<html>
<body>
<pre>
<h1>µVision Build Log</h1>
<h2>Tool Versions:</h2>
IDE-Version: ¦ÌVision V5.30.0.0
Copyright (C) 2020 ARM Ltd and ARM Germany GmbH. All rights reserved.
License Information: admin admin, admin, LIC=QF82M-X63C2-QDNKD-8HZPP-UVXYC-7S1JZ
 
Tool Versions:
Toolchain:       MDK-ARM Plus  Version: 5.30.0.0
Toolchain Path:  D:\Program Files\keil5\ARM\ARMCC\Bin
C Compiler:      Armcc.exe V5.06 update 6 (build 750)
Assembler:       Armasm.exe V5.06 update 6 (build 750)
Linker/Locator:  ArmLink.exe V5.06 update 6 (build 750)
Library Manager: ArmAr.exe V5.06 update 6 (build 750)
Hex Converter:   FromElf.exe V5.06 update 6 (build 750)
CPU DLL:         SARMCM3.DLL V5.30.0.0
Dialog DLL:      DCM.DLL V1.17.3.0
Target DLL:      CMSIS_AGDI.dll V1.32.5.0
Dialog DLL:      TCM.DLL V1.42.0.0
 
<h2>Project:</h2>
D:\Lib_stm32F1_keil5\18_Intellect_WaterDevice_release\project\my_code.uvprojx
Project File Date:  09/09/2023

<h2>Output:</h2>
*** Using Compiler 'V5.06 update 6 (build 750)', folder: 'D:\Program Files\keil5\ARM\ARMCC\Bin'
Rebuild target 'Target 1'
assembling startup_stm32f10x_hd.s...
compiling core_cm3.c...
compiling stm32f10x_dbgmcu.c...
compiling stm32f10x_bkp.c...
compiling stm32f10x_crc.c...
compiling misc.c...
compiling system_stm32f10x.c...
compiling stm32f10x_dac.c...
compiling stm32f10x_cec.c...
compiling stm32f10x_dma.c...
compiling stm32f10x_adc.c...
compiling stm32f10x_can.c...
compiling stm32f10x_exti.c...
compiling stm32f10x_gpio.c...
compiling stm32f10x_fsmc.c...
compiling stm32f10x_pwr.c...
compiling stm32f10x_flash.c...
compiling stm32f10x_i2c.c...
compiling stm32f10x_iwdg.c...
compiling stm32f10x_rtc.c...
compiling stm32f10x_spi.c...
compiling stm32f10x_sdio.c...
compiling stm32f10x_rcc.c...
compiling stm32f10x_tim.c...
compiling stm32f10x_usart.c...
compiling stm32f10x_it.c...
compiling stm32f10x_wwdg.c...
compiling hardinit.c...
..\user\bios\src\hardinit.c(119): warning:  #186-D: pointless comparison of unsigned integer with zero
  					if(GET_PRE_WATER_T() < 100 && GET_PRE_WATER_T() >= 0)//·¶Î§£º0~100
..\user\bios\src\hardinit.c: 1 warning, 0 errors
compiling systick_rcc.c...
compiling keyCtrl.c...
compiling timer.c...
compiling gpio.c...
compiling ringbuf.c...
compiling usart.c...
compiling if.c...
compiling dma.c...
compiling shell.c...
compiling AT24C02eeprom.c...
compiling spi.c...
compiling iic.c...
..\user\bios\src\iic.c(266): warning:  #177-D: function "soft_iic_Ack"  was declared but never referenced
  static void soft_iic_Ack(void)
..\user\bios\src\iic.c: 1 warning, 0 errors
compiling bios.c...
compiling WaterSensor.c...
compiling keyTTP224.c...
compiling adda.c...
compiling W25Q64flash.c...
..\user\bios\src\W25Q64flash.c(109): warning:  #177-D: function "spi_flash_write_disable"  was declared but never referenced
  static BOOL spi_flash_write_disable(void)
..\user\bios\src\W25Q64flash.c(187): warning:  #177-D: function "spi_flash_program"  was declared but never referenced
  static BOOL spi_flash_program(u32 addr, u8 *txBuf, u32 size)
..\user\bios\src\W25Q64flash.c(213): warning:  #177-D: function "spi_flash_page_program"  was declared but never referenced
  static BOOL spi_flash_page_program(u32 adr, u8 *pWritData, u32 size)
..\user\bios\src\W25Q64flash.c: 3 warnings, 0 errors
compiling DCmotor.c...
compiling heater.c...
compiling DS18B20.c...
compiling main.c...
compiling monitor.c...
compiling sysRam.c...
compiling OLED096.c...
linking...
Program Size: Code=8064 RO-data=2444 RW-data=1888 ZI-data=1544  
FromELF: creating hex file...
".\Objects\my_code.axf" - 0 Error(s), 5 Warning(s).

<h2>Software Packages used:</h2>

Package Vendor: Keil
                http://www.keil.com/pack/Keil.STM32F1xx_DFP.2.3.0.pack
                Keil.STM32F1xx_DFP.2.3.0
                STMicroelectronics STM32F1 Series Device Support, Drivers and Examples

<h2>Collection of Component include folders:</h2>
  .\RTE\_Target_1
  D:\Program Files\keil5\packs\Keil\STM32F1xx_DFP\2.3.0\Device\Include

<h2>Collection of Component Files used:</h2>
Build Time Elapsed:  00:00:04
</pre>
</body>
</html>
